// Vitest Snapshot v1

exports[`Generate > Nuxt Style Routes > client code 1`] = `
"import _examples_nuxt_style_src_pages_index_vue from \\"/examples/nuxt-style/src/pages/index.vue\\";

const routes = [{\\"path\\":\\"/about\\",\\"component\\":() => import('/examples/nuxt-style/src/pages/about.vue'),\\"children\\":[{\\"name\\":\\"about\\",\\"path\\":\\"\\",\\"component\\":() => import('/examples/nuxt-style/src/pages/about/index.vue'),\\"props\\":true},{\\"name\\":\\"about-id\\",\\"path\\":\\":id\\",\\"component\\":() => import('/examples/nuxt-style/src/pages/about/_id.vue'),\\"props\\":true},{\\"name\\":\\"who-me-override\\",\\"path\\":\\"who/me\\",\\"component\\":() => import('/examples/nuxt-style/src/pages/about/who/me.vue'),\\"props\\":true,\\"meta\\":{\\"requiresAuth\\":false}}],\\"props\\":true},{\\"name\\":\\"components\\",\\"path\\":\\"/components\\",\\"component\\":() => import('/examples/nuxt-style/src/pages/components.vue'),\\"props\\":true},{\\"name\\":\\"name-override\\",\\"path\\":\\"/\\",\\"component\\":_examples_nuxt_style_src_pages_index_vue,\\"props\\":true,\\"meta\\":{\\"requiresAuth\\":false}},{\\"name\\":\\"all\\",\\"path\\":\\"/:all(.*)*\\",\\"component\\":() => import('/examples/nuxt-style/src/pages/_.vue'),\\"props\\":true},{\\"name\\":\\"id\\",\\"path\\":\\"/:id\\",\\"component\\":() => import('/examples/nuxt-style/src/pages/_id.vue'),\\"props\\":true},{\\"name\\":\\"sensor-current\\",\\"path\\":\\"/:sensor/current\\",\\"component\\":() => import('/examples/nuxt-style/src/pages/_sensor/current.vue'),\\"props\\":true}];

export default routes;"
`;

exports[`Generate > Nuxt Style Routes > routes 1`] = `
[
  {
    "children": [
      {
        "component": "/examples/nuxt-style/src/pages/about/index.vue",
        "customBlock": undefined,
        "name": "about",
        "path": "",
        "props": true,
      },
      {
        "component": "/examples/nuxt-style/src/pages/about/_id.vue",
        "customBlock": undefined,
        "name": "about-id",
        "path": ":id",
        "props": true,
      },
      {
        "component": "/examples/nuxt-style/src/pages/about/who/me.vue",
        "meta": {
          "requiresAuth": false,
        },
        "name": "who-me-override",
        "path": "who/me",
        "props": true,
      },
    ],
    "component": "/examples/nuxt-style/src/pages/about.vue",
    "customBlock": undefined,
    "path": "/about",
    "props": true,
  },
  {
    "component": "/examples/nuxt-style/src/pages/components.vue",
    "customBlock": undefined,
    "name": "components",
    "path": "/components",
    "props": true,
  },
  {
    "component": "/examples/nuxt-style/src/pages/index.vue",
    "meta": {
      "requiresAuth": false,
    },
    "name": "name-override",
    "path": "/",
    "props": true,
  },
  {
    "component": "/examples/nuxt-style/src/pages/_.vue",
    "customBlock": undefined,
    "name": "all",
    "path": "/:all(.*)*",
    "props": true,
  },
  {
    "component": "/examples/nuxt-style/src/pages/_id.vue",
    "customBlock": undefined,
    "name": "id",
    "path": "/:id",
    "props": true,
  },
  {
    "component": "/examples/nuxt-style/src/pages/_sensor/current.vue",
    "customBlock": undefined,
    "name": "sensor-current",
    "path": "/:sensor/current",
    "props": true,
  },
]
`;

exports[`Generate > React routes > client code 1`] = `
"import _examples_react_src_pages_about_tsx from \\"/examples/react/src/pages/about.tsx\\";
import _examples_react_src_pages_about_index_tsx from \\"/examples/react/src/pages/about/index.tsx\\";
import _examples_react_src_pages_components_tsx from \\"/examples/react/src/pages/components.tsx\\";
import _examples_react_src_pages_index_tsx from \\"/examples/react/src/pages/index.tsx\\";
import _examples_react_src_pages_$___all$_tsx from \\"/examples/react/src/pages/[...all].tsx\\";
import _examples_react_src_pages_blog_index_tsx from \\"/examples/react/src/pages/blog/index.tsx\\";
import _examples_react_src_pages_blog_$id$_tsx from \\"/examples/react/src/pages/blog/[id].tsx\\";
import _examples_react_src_pages_blog_today_index_tsx from \\"/examples/react/src/pages/blog/today/index.tsx\\";
import React from \\"react\\";

const routes = [{\\"path\\":\\"about\\",\\"element\\":React.createElement(_examples_react_src_pages_about_tsx),\\"children\\":[{\\"element\\":React.createElement(_examples_react_src_pages_about_index_tsx),\\"index\\":true}]},{\\"path\\":\\"components\\",\\"element\\":React.createElement(_examples_react_src_pages_components_tsx)},{\\"element\\":React.createElement(_examples_react_src_pages_index_tsx),\\"index\\":true},{\\"path\\":\\"*\\",\\"element\\":React.createElement(_examples_react_src_pages_$___all$_tsx)},{\\"path\\":\\"blog\\",\\"children\\":[{\\"element\\":React.createElement(_examples_react_src_pages_blog_index_tsx),\\"index\\":true},{\\"path\\":\\":id\\",\\"element\\":React.createElement(_examples_react_src_pages_blog_$id$_tsx)},{\\"path\\":\\"today\\",\\"children\\":[{\\"element\\":React.createElement(_examples_react_src_pages_blog_today_index_tsx),\\"index\\":true}]}]}];

export default routes;"
`;

exports[`Generate > React routes > routes 1`] = `
[
  {
    "children": [
      {
        "element": "/examples/react/src/pages/about/index.tsx",
        "index": true,
      },
    ],
    "element": "/examples/react/src/pages/about.tsx",
    "path": "about",
  },
  {
    "element": "/examples/react/src/pages/components.tsx",
    "path": "components",
  },
  {
    "element": "/examples/react/src/pages/index.tsx",
    "index": true,
  },
  {
    "element": "/examples/react/src/pages/[...all].tsx",
    "path": "*",
  },
  {
    "children": [
      {
        "element": "/examples/react/src/pages/blog/index.tsx",
        "index": true,
      },
      {
        "element": "/examples/react/src/pages/blog/[id].tsx",
        "path": ":id",
      },
      {
        "children": [
          {
            "element": "/examples/react/src/pages/blog/today/index.tsx",
            "index": true,
          },
        ],
        "path": "today",
      },
    ],
    "path": "blog",
  },
]
`;

exports[`Generate > Vue routes - async > client code 1`] = `
"import _examples_vue_src_pages_index_vue from \\"/examples/vue/src/pages/index.vue\\";

const routes = [{\\"path\\":\\"/about\\",\\"component\\":() => import('/examples/vue/src/pages/about.vue'),\\"children\\":[{\\"name\\":\\"about\\",\\"path\\":\\"\\",\\"component\\":() => import('/examples/vue/src/pages/about/index.vue'),\\"props\\":(route2)=>({query:route2.query.q})},{\\"path\\":\\":id\\",\\"component\\":() => import('/examples/vue/src/pages/about/[id].vue'),\\"children\\":[{\\"name\\":\\"about-id-more\\",\\"path\\":\\"more\\",\\"component\\":() => import('/examples/vue/src/pages/about/[id]/more.vue'),\\"props\\":true},{\\"name\\":\\"about-id-nested\\",\\"path\\":\\"nested\\",\\"component\\":() => import('/examples/vue/src/pages/about/[id]/nested.vue'),\\"props\\":true}],\\"props\\":true,\\"name\\":\\"about-user-id\\",\\"meta\\":{\\"requiresAuth\\":true}}],\\"props\\":true,\\"meta\\":{\\"lang\\":\\"yml\\"}},{\\"name\\":\\"components\\",\\"path\\":\\"/components\\",\\"component\\":() => import('/examples/vue/src/pages/components.vue'),\\"props\\":true,\\"meta\\":{\\"lang\\":\\"yaml\\"}},{\\"name\\":\\"homepage\\",\\"path\\":\\"/\\",\\"component\\":_examples_vue_src_pages_index_vue,\\"props\\":true,\\"meta\\":{\\"requiresAuth\\":false}},{\\"name\\":\\"all\\",\\"path\\":\\"/:all(.*)*\\",\\"component\\":() => import('/examples/vue/src/pages/[...all].vue'),\\"props\\":true},{\\"path\\":\\"/:sensor\\",\\"component\\":() => import('/examples/vue/src/pages/[sensor].vue'),\\"children\\":[{\\"name\\":\\"sensor-current\\",\\"path\\":\\"current\\",\\"component\\":() => import('/examples/vue/src/pages/[sensor]/current.vue'),\\"props\\":true}],\\"props\\":true},{\\"name\\":\\"blog\\",\\"path\\":\\"/blog\\",\\"component\\":() => import('/examples/vue/src/pages/blog/index.vue'),\\"props\\":true},{\\"name\\":\\"blog-id\\",\\"path\\":\\"/blog/:id\\",\\"component\\":() => import('/examples/vue/src/pages/blog/[id].vue'),\\"props\\":true,\\"meta\\":{\\"requiresAuth\\":false}},{\\"name\\":\\"blog-today\\",\\"path\\":\\"/blog/today\\",\\"component\\":() => import('/examples/vue/src/pages/blog/today/index.vue'),\\"props\\":true}];

export default routes;"
`;

exports[`Generate > Vue routes - async > routes 1`] = `
[
  {
    "children": [
      {
        "component": "/examples/vue/src/pages/about/index.vue",
        "customBlock": undefined,
        "name": "about",
        "path": "",
        "props": [Function],
      },
      {
        "children": [
          {
            "component": "/examples/vue/src/pages/about/[id]/more.vue",
            "customBlock": undefined,
            "name": "about-id-more",
            "path": "more",
            "props": true,
          },
          {
            "component": "/examples/vue/src/pages/about/[id]/nested.vue",
            "customBlock": undefined,
            "name": "about-id-nested",
            "path": "nested",
            "props": true,
          },
        ],
        "component": "/examples/vue/src/pages/about/[id].vue",
        "meta": {
          "requiresAuth": true,
        },
        "name": "about-user-id",
        "path": ":id",
        "props": true,
      },
    ],
    "component": "/examples/vue/src/pages/about.vue",
    "meta": {
      "lang": "yml",
    },
    "path": "/about",
    "props": true,
  },
  {
    "component": "/examples/vue/src/pages/components.vue",
    "meta": {
      "lang": "yaml",
    },
    "name": "components",
    "path": "/components",
    "props": true,
  },
  {
    "component": "/examples/vue/src/pages/index.vue",
    "meta": {
      "requiresAuth": false,
    },
    "name": "homepage",
    "path": "/",
    "props": true,
  },
  {
    "component": "/examples/vue/src/pages/[...all].vue",
    "customBlock": undefined,
    "name": "all",
    "path": "/:all(.*)*",
    "props": true,
  },
  {
    "children": [
      {
        "component": "/examples/vue/src/pages/[sensor]/current.vue",
        "customBlock": undefined,
        "name": "sensor-current",
        "path": "current",
        "props": true,
      },
    ],
    "component": "/examples/vue/src/pages/[sensor].vue",
    "customBlock": undefined,
    "path": "/:sensor",
    "props": true,
  },
  {
    "component": "/examples/vue/src/pages/blog/index.vue",
    "customBlock": undefined,
    "name": "blog",
    "path": "/blog",
    "props": true,
  },
  {
    "component": "/examples/vue/src/pages/blog/[id].vue",
    "meta": {
      "requiresAuth": false,
    },
    "name": "blog-id",
    "path": "/blog/:id",
    "props": true,
  },
  {
    "component": "/examples/vue/src/pages/blog/today/index.vue",
    "customBlock": undefined,
    "name": "blog-today",
    "path": "/blog/today",
    "props": true,
  },
]
`;

exports[`Generate > Vue routes - sync > client code 1`] = `
"import _examples_vue_src_pages_about_vue from \\"/examples/vue/src/pages/about.vue\\";
import _examples_vue_src_pages_about_index_vue from \\"/examples/vue/src/pages/about/index.vue\\";
import _examples_vue_src_pages_about_$id$_vue from \\"/examples/vue/src/pages/about/[id].vue\\";
import _examples_vue_src_pages_about_$id$_more_vue from \\"/examples/vue/src/pages/about/[id]/more.vue\\";
import _examples_vue_src_pages_about_$id$_nested_vue from \\"/examples/vue/src/pages/about/[id]/nested.vue\\";
import _examples_vue_src_pages_components_vue from \\"/examples/vue/src/pages/components.vue\\";
import _examples_vue_src_pages_index_vue from \\"/examples/vue/src/pages/index.vue\\";
import _examples_vue_src_pages_$___all$_vue from \\"/examples/vue/src/pages/[...all].vue\\";
import _examples_vue_src_pages_$sensor$_vue from \\"/examples/vue/src/pages/[sensor].vue\\";
import _examples_vue_src_pages_$sensor$_current_vue from \\"/examples/vue/src/pages/[sensor]/current.vue\\";
import _examples_vue_src_pages_blog_index_vue from \\"/examples/vue/src/pages/blog/index.vue\\";
import _examples_vue_src_pages_blog_$id$_vue from \\"/examples/vue/src/pages/blog/[id].vue\\";
import _examples_vue_src_pages_blog_today_index_vue from \\"/examples/vue/src/pages/blog/today/index.vue\\";

const routes = [{\\"path\\":\\"/about\\",\\"component\\":_examples_vue_src_pages_about_vue,\\"children\\":[{\\"name\\":\\"about\\",\\"path\\":\\"\\",\\"component\\":_examples_vue_src_pages_about_index_vue,\\"props\\":true},{\\"path\\":\\":id\\",\\"component\\":_examples_vue_src_pages_about_$id$_vue,\\"children\\":[{\\"name\\":\\"about-id-more\\",\\"path\\":\\"more\\",\\"component\\":_examples_vue_src_pages_about_$id$_more_vue,\\"props\\":true},{\\"name\\":\\"about-id-nested\\",\\"path\\":\\"nested\\",\\"component\\":_examples_vue_src_pages_about_$id$_nested_vue,\\"props\\":true}],\\"props\\":true,\\"name\\":\\"about-user-id\\",\\"meta\\":{\\"requiresAuth\\":true}}],\\"props\\":true,\\"meta\\":{\\"lang\\":\\"yml\\"}},{\\"name\\":\\"components\\",\\"path\\":\\"/components\\",\\"component\\":_examples_vue_src_pages_components_vue,\\"props\\":true,\\"meta\\":{\\"lang\\":\\"yaml\\"}},{\\"name\\":\\"homepage\\",\\"path\\":\\"/\\",\\"component\\":_examples_vue_src_pages_index_vue,\\"props\\":true,\\"meta\\":{\\"requiresAuth\\":false}},{\\"name\\":\\"all\\",\\"path\\":\\"/:all(.*)*\\",\\"component\\":_examples_vue_src_pages_$___all$_vue,\\"props\\":true},{\\"path\\":\\"/:sensor\\",\\"component\\":_examples_vue_src_pages_$sensor$_vue,\\"children\\":[{\\"name\\":\\"sensor-current\\",\\"path\\":\\"current\\",\\"component\\":_examples_vue_src_pages_$sensor$_current_vue,\\"props\\":true}],\\"props\\":true},{\\"name\\":\\"blog\\",\\"path\\":\\"/blog\\",\\"component\\":_examples_vue_src_pages_blog_index_vue,\\"props\\":true},{\\"name\\":\\"blog-id\\",\\"path\\":\\"/blog/:id\\",\\"component\\":_examples_vue_src_pages_blog_$id$_vue,\\"props\\":true,\\"meta\\":{\\"requiresAuth\\":false}},{\\"name\\":\\"blog-today\\",\\"path\\":\\"/blog/today\\",\\"component\\":_examples_vue_src_pages_blog_today_index_vue,\\"props\\":true}];

export default routes;"
`;

exports[`Generate > Vue routes - sync > routes 1`] = `
[
  {
    "children": [
      {
        "component": "/examples/vue/src/pages/about/index.vue",
        "customBlock": undefined,
        "name": "about",
        "path": "",
        "props": true,
      },
      {
        "children": [
          {
            "component": "/examples/vue/src/pages/about/[id]/more.vue",
            "customBlock": undefined,
            "name": "about-id-more",
            "path": "more",
            "props": true,
          },
          {
            "component": "/examples/vue/src/pages/about/[id]/nested.vue",
            "customBlock": undefined,
            "name": "about-id-nested",
            "path": "nested",
            "props": true,
          },
        ],
        "component": "/examples/vue/src/pages/about/[id].vue",
        "meta": {
          "requiresAuth": true,
        },
        "name": "about-user-id",
        "path": ":id",
        "props": true,
      },
    ],
    "component": "/examples/vue/src/pages/about.vue",
    "meta": {
      "lang": "yml",
    },
    "path": "/about",
    "props": true,
  },
  {
    "component": "/examples/vue/src/pages/components.vue",
    "meta": {
      "lang": "yaml",
    },
    "name": "components",
    "path": "/components",
    "props": true,
  },
  {
    "component": "/examples/vue/src/pages/index.vue",
    "meta": {
      "requiresAuth": false,
    },
    "name": "homepage",
    "path": "/",
    "props": true,
  },
  {
    "component": "/examples/vue/src/pages/[...all].vue",
    "customBlock": undefined,
    "name": "all",
    "path": "/:all(.*)*",
    "props": true,
  },
  {
    "children": [
      {
        "component": "/examples/vue/src/pages/[sensor]/current.vue",
        "customBlock": undefined,
        "name": "sensor-current",
        "path": "current",
        "props": true,
      },
    ],
    "component": "/examples/vue/src/pages/[sensor].vue",
    "customBlock": undefined,
    "path": "/:sensor",
    "props": true,
  },
  {
    "component": "/examples/vue/src/pages/blog/index.vue",
    "customBlock": undefined,
    "name": "blog",
    "path": "/blog",
    "props": true,
  },
  {
    "component": "/examples/vue/src/pages/blog/[id].vue",
    "meta": {
      "requiresAuth": false,
    },
    "name": "blog-id",
    "path": "/blog/:id",
    "props": true,
  },
  {
    "component": "/examples/vue/src/pages/blog/today/index.vue",
    "customBlock": undefined,
    "name": "blog-today",
    "path": "/blog/today",
    "props": true,
  },
]
`;
