// Jest Snapshot v1, https://goo.gl/fbAQLP

exports[`Parser SFC 1`] = `
Object {
  "cssVars": Array [],
  "customBlocks": Array [
    Object {
      "attrs": Object {},
      "content": "                        
                                 

                           

         

          
                
           

       
  {
    name: \\"name-override\\",
    meta: {
      requiresAuth: false
    }
  }
",
      "loc": Object {
        "end": Object {
          "column": 1,
          "line": 19,
          "offset": 228,
        },
        "source": "
  {
    name: \\"name-override\\",
    meta: {
      requiresAuth: false
    }
  }
",
        "start": Object {
          "column": 8,
          "line": 12,
          "offset": 148,
        },
      },
      "map": Object {
        "file": "anonymous.vue",
        "mappings": ";;;;;;;;;;;;EAYE;IACE,CAAC,CAAC,CAAC,CAAC,EAAE,CAAC,CAAC,CAAC,CAAC,CAAC,CAAC,CAAC,CAAC,CAAC,CAAC,CAAC,CAAC,CAAC,CAAC,CAAC;IACrB,CAAC,CAAC,CAAC,CAAC,EAAE;MACJ,CAAC,CAAC,CAAC,CAAC,CAAC,CAAC,CAAC,CAAC,CAAC,CAAC,CAAC,CAAC,EAAE,CAAC,CAAC,CAAC,CAAC;IACpB;EACF",
        "names": Array [],
        "sourceRoot": "",
        "sources": Array [
          "anonymous.vue",
        ],
        "sourcesContent": Array [
          "<script setup lang=\\"ts\\">
import { defineProps } from 'vue'

defineProps({ id: String })

</script>

<template>
  User: {{ id }}
</template>

<route>
  {
    name: \\"name-override\\",
    meta: {
      requiresAuth: false
    }
  }
</route>
",
        ],
        "version": 3,
      },
      "type": "route",
    },
  ],
  "filename": "anonymous.vue",
  "script": null,
  "scriptSetup": Object {
    "attrs": Object {
      "lang": "ts",
      "setup": true,
    },
    "content": "                        
import { defineProps } from 'vue'

defineProps({ id: String })

",
    "lang": "ts",
    "loc": Object {
      "end": Object {
        "column": 1,
        "line": 6,
        "offset": 89,
      },
      "source": "
import { defineProps } from 'vue'

defineProps({ id: String })

",
      "start": Object {
        "column": 25,
        "line": 1,
        "offset": 24,
      },
    },
    "setup": true,
    "type": "script",
  },
  "source": "<script setup lang=\\"ts\\">
import { defineProps } from 'vue'

defineProps({ id: String })

</script>

<template>
  User: {{ id }}
</template>

<route>
  {
    name: \\"name-override\\",
    meta: {
      requiresAuth: false
    }
  }
</route>
",
  "styles": Array [],
  "template": Object {
    "ast": Object {
      "children": Array [
        Object {
          "content": "  User: ",
          "loc": Object {
            "end": Object {
              "column": 9,
              "line": 9,
              "offset": 119,
            },
            "source": "
  User: ",
            "start": Object {
              "column": 11,
              "line": 8,
              "offset": 110,
            },
          },
          "type": 2,
        },
        Object {
          "content": Object {
            "constType": 0,
            "content": "id",
            "isStatic": false,
            "loc": Object {
              "end": Object {
                "column": 14,
                "line": 9,
                "offset": 124,
              },
              "source": "id",
              "start": Object {
                "column": 12,
                "line": 9,
                "offset": 122,
              },
            },
            "type": 4,
          },
          "loc": Object {
            "end": Object {
              "column": 17,
              "line": 9,
              "offset": 127,
            },
            "source": "{{ id }}",
            "start": Object {
              "column": 9,
              "line": 9,
              "offset": 119,
            },
          },
          "type": 5,
        },
        Object {
          "content": "
",
          "loc": Object {
            "end": Object {
              "column": 1,
              "line": 10,
              "offset": 128,
            },
            "source": "
",
            "start": Object {
              "column": 17,
              "line": 9,
              "offset": 127,
            },
          },
          "type": 2,
        },
      ],
      "codegenNode": undefined,
      "isSelfClosing": false,
      "loc": Object {
        "end": Object {
          "column": 12,
          "line": 10,
          "offset": 139,
        },
        "source": "<template>
  User: {{ id }}
</template>",
        "start": Object {
          "column": 1,
          "line": 8,
          "offset": 100,
        },
      },
      "ns": 0,
      "props": Array [],
      "tag": "template",
      "tagType": 0,
      "type": 1,
    },
    "attrs": Object {},
    "content": "
  User: {{ id }}
",
    "loc": Object {
      "end": Object {
        "column": 1,
        "line": 10,
        "offset": 128,
      },
      "source": "
  User: {{ id }}
",
      "start": Object {
        "column": 11,
        "line": 8,
        "offset": 110,
      },
    },
    "map": Object {
      "file": "anonymous.vue",
      "mappings": ";EAQE,CAAC,CAAC,CAAC,CAAC,EAAE,CAAC,EAAE,CAAC,EAAE,CAAC",
      "names": Array [],
      "sourceRoot": "",
      "sources": Array [
        "anonymous.vue",
      ],
      "sourcesContent": Array [
        "<script setup lang=\\"ts\\">
import { defineProps } from 'vue'

defineProps({ id: String })

</script>

<template>
  User: {{ id }}
</template>

<route>
  {
    name: \\"name-override\\",
    meta: {
      requiresAuth: false
    }
  }
</route>
",
      ],
      "version": 3,
    },
    "type": "template",
  },
}
`;
