// Vitest Snapshot v1

exports[`Parser > custom block 1`] = `
Object {
  "meta": Object {
    "requiresAuth": false,
  },
  "name": "blog-id",
}
`;
